// Jest Snapshot v1, https://goo.gl/fbAQLP

exports[`Dashboard should matchsnapshot 1`] = `undefined`;
