// Jest Snapshot v1, https://goo.gl/fbAQLP

exports[`PlayerRow should Match snapshot 1`] = `
ShallowWrapper {
  Symbol(enzyme.__root__): [Circular],
  Symbol(enzyme.__unrendered__): <Unknown
    Club="Chelsea"
    Name="DeGea"
    Nationality="Brazil"
    Overall={93}
    Photo="https://cdn.sofifa.org/players/4/18/158023.png"
    Value="€105M"
    Wage="€105M"
    id={1}
    onOpenModal={[Function]}
/>,
  Symbol(enzyme.__renderer__): Object {
    "batchedUpdates": [Function],
    "getNode": [Function],
    "render": [Function],
    "simulateError": [Function],
    "simulateEvent": [Function],
    "unmount": [Function],
  },
  Symbol(enzyme.__node__): Object {
    "instance": null,
    "key": undefined,
    "nodeType": "host",
    "props": Object {
      "children": Array [
        <td>
          <img
                    alt="alt_text"
                    className="photo"
                    height="35"
                    src="https://cdn.sofifa.org/players/4/18/158023.png"
          />
</td>,
        <td>
          DeGea
</td>,
        <td>
          Brazil
</td>,
        <td />,
        <td>
          Chelsea
</td>,
        <td>
          93
</td>,
        <td>
          €105M
</td>,
        <td>
          €105M
</td>,
      ],
      "className": "DeGea",
      "data-id": 1,
      "onClick": [Function],
    },
    "ref": null,
    "rendered": Array [
      Object {
        "instance": null,
        "key": undefined,
        "nodeType": "host",
        "props": Object {
          "children": <img
            alt="alt_text"
            className="photo"
            height="35"
            src="https://cdn.sofifa.org/players/4/18/158023.png"
/>,
        },
        "ref": null,
        "rendered": Object {
          "instance": null,
          "key": undefined,
          "nodeType": "host",
          "props": Object {
            "alt": "alt_text",
            "className": "photo",
            "height": "35",
            "src": "https://cdn.sofifa.org/players/4/18/158023.png",
          },
          "ref": null,
          "rendered": null,
          "type": "img",
        },
        "type": "td",
      },
      Object {
        "instance": null,
        "key": undefined,
        "nodeType": "host",
        "props": Object {
          "children": "DeGea",
        },
        "ref": null,
        "rendered": "DeGea",
        "type": "td",
      },
      Object {
        "instance": null,
        "key": undefined,
        "nodeType": "host",
        "props": Object {
          "children": "Brazil",
        },
        "ref": null,
        "rendered": "Brazil",
        "type": "td",
      },
      Object {
        "instance": null,
        "key": undefined,
        "nodeType": "host",
        "props": Object {
          "children": undefined,
        },
        "ref": null,
        "rendered": null,
        "type": "td",
      },
      Object {
        "instance": null,
        "key": undefined,
        "nodeType": "host",
        "props": Object {
          "children": "Chelsea",
        },
        "ref": null,
        "rendered": "Chelsea",
        "type": "td",
      },
      Object {
        "instance": null,
        "key": undefined,
        "nodeType": "host",
        "props": Object {
          "children": 93,
        },
        "ref": null,
        "rendered": 93,
        "type": "td",
      },
      Object {
        "instance": null,
        "key": undefined,
        "nodeType": "host",
        "props": Object {
          "children": "€105M",
        },
        "ref": null,
        "rendered": "€105M",
        "type": "td",
      },
      Object {
        "instance": null,
        "key": undefined,
        "nodeType": "host",
        "props": Object {
          "children": "€105M",
        },
        "ref": null,
        "rendered": "€105M",
        "type": "td",
      },
    ],
    "type": "tr",
  },
  Symbol(enzyme.__nodes__): Array [
    Object {
      "instance": null,
      "key": undefined,
      "nodeType": "host",
      "props": Object {
        "children": Array [
          <td>
            <img
                        alt="alt_text"
                        className="photo"
                        height="35"
                        src="https://cdn.sofifa.org/players/4/18/158023.png"
            />
</td>,
          <td>
            DeGea
</td>,
          <td>
            Brazil
</td>,
          <td />,
          <td>
            Chelsea
</td>,
          <td>
            93
</td>,
          <td>
            €105M
</td>,
          <td>
            €105M
</td>,
        ],
        "className": "DeGea",
        "data-id": 1,
        "onClick": [Function],
      },
      "ref": null,
      "rendered": Array [
        Object {
          "instance": null,
          "key": undefined,
          "nodeType": "host",
          "props": Object {
            "children": <img
              alt="alt_text"
              className="photo"
              height="35"
              src="https://cdn.sofifa.org/players/4/18/158023.png"
/>,
          },
          "ref": null,
          "rendered": Object {
            "instance": null,
            "key": undefined,
            "nodeType": "host",
            "props": Object {
              "alt": "alt_text",
              "className": "photo",
              "height": "35",
              "src": "https://cdn.sofifa.org/players/4/18/158023.png",
            },
            "ref": null,
            "rendered": null,
            "type": "img",
          },
          "type": "td",
        },
        Object {
          "instance": null,
          "key": undefined,
          "nodeType": "host",
          "props": Object {
            "children": "DeGea",
          },
          "ref": null,
          "rendered": "DeGea",
          "type": "td",
        },
        Object {
          "instance": null,
          "key": undefined,
          "nodeType": "host",
          "props": Object {
            "children": "Brazil",
          },
          "ref": null,
          "rendered": "Brazil",
          "type": "td",
        },
        Object {
          "instance": null,
          "key": undefined,
          "nodeType": "host",
          "props": Object {
            "children": undefined,
          },
          "ref": null,
          "rendered": null,
          "type": "td",
        },
        Object {
          "instance": null,
          "key": undefined,
          "nodeType": "host",
          "props": Object {
            "children": "Chelsea",
          },
          "ref": null,
          "rendered": "Chelsea",
          "type": "td",
        },
        Object {
          "instance": null,
          "key": undefined,
          "nodeType": "host",
          "props": Object {
            "children": 93,
          },
          "ref": null,
          "rendered": 93,
          "type": "td",
        },
        Object {
          "instance": null,
          "key": undefined,
          "nodeType": "host",
          "props": Object {
            "children": "€105M",
          },
          "ref": null,
          "rendered": "€105M",
          "type": "td",
        },
        Object {
          "instance": null,
          "key": undefined,
          "nodeType": "host",
          "props": Object {
            "children": "€105M",
          },
          "ref": null,
          "rendered": "€105M",
          "type": "td",
        },
      ],
      "type": "tr",
    },
  ],
  Symbol(enzyme.__options__): Object {
    "adapter": ReactSixteenAdapter {
      "options": Object {
        "enableComponentDidUpdateOnSetState": true,
        "lifecycles": Object {
          "componentDidUpdate": Object {
            "onSetState": true,
          },
          "getDerivedStateFromProps": true,
          "getSnapshotBeforeUpdate": true,
          "setState": Object {
            "skipsComponentDidUpdateOnNullish": true,
          },
        },
      },
    },
  },
}
`;
